
> cdk-serverless-agentic-api@1.1.0 build
> jsii

warning JSII6: A "peerDependency" on "aws-cdk-lib" at "^2.170.0" means you should take a "devDependency" on "aws-cdk-lib" at "2.170.0" (found "^2.170.0")
warning JSII6: A "peerDependency" on "constructs" at "^10.4.0" means you should take a "devDependency" on "constructs" at "10.4.0" (found "^10.4.0")
error JSII4: Could not find "main" file: /Volumes/2TB/Rhys/cdk-serverless-agentic-api/lib/index.ts
src/monitoring.ts:17:10 - error TS2304: Cannot find name 'Construct'.

17   scope: Construct,
            ~~~~~~~~~
src/monitoring.ts:145:10 - error TS2304: Cannot find name 'Construct'.

145   scope: Construct,
             ~~~~~~~~~
src/monitoring.ts:205:10 - error TS2304: Cannot find name 'Construct'.

205   scope: Construct,
             ~~~~~~~~~
src/monitoring.ts:310:10 - error TS2304: Cannot find name 'Construct'.

310   scope: Construct,
             ~~~~~~~~~
test/integration/construct-deployment.integration.test.ts:57:11 - error TS6133: 'construct' is declared but its value is never read.

57     const construct = new CDKServerlessAgenticAPI(stack, 'CustomDomainTestConstruct', {
             ~~~~~~~~~
test/integration/construct-deployment.integration.test.ts:84:11 - error TS6133: 'construct' is declared but its value is never read.

84     const construct = new CDKServerlessAgenticAPI(stack, 'LoggingTestConstruct', {
             ~~~~~~~~~
test/lambda/error-handling.test.ts:21:9 - error TS6133: 'healthHandler' is declared but its value is never read.

21     let healthHandler: any;
           ~~~~~~~~~~~~~
test/lambda/error-handling.test.ts:29:13 - error TS6133: 'event' is declared but its value is never read.

29       const event = {
               ~~~~~
test/lambda/error-handling.test.ts:39:13 - error TS6133: 'context' is declared but its value is never read.

39       const context = {
               ~~~~~~~
test/lambda/error-handling.test.ts:64:13 - error TS6133: 'event' is declared but its value is never read.

64       const event = {
               ~~~~~
test/lambda/error-handling.test.ts:71:13 - error TS6133: 'context' is declared but its value is never read.

71       const context = {
               ~~~~~~~
test/lambda/error-handling.test.ts:88:13 - error TS6133: 'event' is declared but its value is never read.

88       const event = {
               ~~~~~
test/lambda/error-handling.test.ts:95:13 - error TS6133: 'context' is declared but its value is never read.

95       const context = {
               ~~~~~~~
test/lambda/error-handling.test.ts:136:13 - error TS6133: 'event' is declared but its value is never read.

136       const event = {
                ~~~~~
test/lambda/error-handling.test.ts:160:13 - error TS6133: 'context' is declared but its value is never read.

160       const context = {
                ~~~~~~~
test/lambda/error-handling.test.ts:178:13 - error TS6133: 'event' is declared but its value is never read.

178       const event = {
                ~~~~~
test/lambda/error-handling.test.ts:185:13 - error TS6133: 'context' is declared but its value is never read.

185       const context = {
                ~~~~~~~
test/lambda/error-handling.test.ts:202:13 - error TS6133: 'event' is declared but its value is never read.

202       const event = {
                ~~~~~
test/lambda/error-handling.test.ts:209:13 - error TS6133: 'context' is declared but its value is never read.

209       const context = {
                ~~~~~~~
test/lambda/error-handling.test.ts:226:13 - error TS6133: 'event' is declared but its value is never read.

226       const event = {
                ~~~~~
test/lambda/error-handling.test.ts:239:13 - error TS6133: 'context' is declared but its value is never read.

239       const context = {
                ~~~~~~~
test/lambda/error-handling.test.ts:256:13 - error TS6133: 'event' is declared but its value is never read.

256       const event = {
                ~~~~~
test/lambda/error-handling.test.ts:335:32 - error TS2339: Property 'details' does not exist on type '{ error: string; message: string; timestamp: string; requestId: string; }'.

335       expect(prodErrorResponse.details).toBeUndefined();
                                   ~~~~~~~
test/lambda/error-handling.test.ts:409:34 - error TS2339: Property 'requestContext' does not exist on type '{ httpMethod: string; }'.

409       expect(eventWithoutContext.requestContext).toBeUndefined();
                                     ~~~~~~~~~~~~~~
test/security-best-practices.test.ts:56:14 - error TS18048: 'result.details' is possibly 'undefined'.

56       expect(result.details.functionName).toBe(lambdaFunction.functionName);
                ~~~~~~~~~~~~~~
test/security-best-practices.test.ts:68:14 - error TS18048: 'result.details' is possibly 'undefined'.

68       expect(result.details.apiId).toBe(construct.api.restApiId);
                ~~~~~~~~~~~~~~
test/security-best-practices.test.ts:80:14 - error TS18048: 'result.details' is possibly 'undefined'.

80       expect(result.details.userPoolId).toBe(construct.userPool.userPoolId);
                ~~~~~~~~~~~~~~
